[ERROR] frontmatter infostring `.toml` is unsupported by cargo; specify `cargo` for embedding a manifest
