{
  "authors": [],
  "categories": [],
  "default_run": null,
  "dependencies": [],
  "description": "\n---\n\n",
  "documentation": null,
  "edition": "2024",
  "features": {},
  "homepage": null,
  "id": "path+[ROOTURL]/foo/script#0.0.0",
  "keywords": [],
  "license": null,
  "license_file": null,
  "links": null,
  "manifest_path": "[ROOT]/foo/script",
  "metadata": null,
  "name": "script",
  "publish": [],
  "readme": null,
  "repository": null,
  "rust_version": null,
  "source": null,
  "targets": [
    {
      "crate_types": [
        "bin"
      ],
      "doc": true,
      "doctest": false,
      "edition": "2024",
      "kind": [
        "bin"
      ],
      "name": "script",
      "src_path": "[ROOT]/foo/script",
      "test": true
    }
  ],
  "version": "0.0.0"
}