[ERROR] closing code fence has 1 more `-` than the opening fence
 --> script:3:4
  |
1 | ---cargo
2 | //~^ ERROR: frontmatter close does not match the opening
3 | ----
  |    ^
