[ERROR] unclosed frontmatter; expected `---`
  --> script:14:56
   |
 1 | ---cargo
...
14 | // within them and get treated as a frontmatter close.
   |                                                       ^
