[ERROR] invalid multi-line basic string, expected `/`, characters
 --> script:8:2
  |
8 | 4␌+
  |  ^
