[ERROR] frontmatter infostring `-toml` is unsupported by cargo; specify `cargo` for embedding a manifest
 --> script:1:5
  |
1 | --- -toml
  |     ^^^^^
