[ERROR] frontmatter infostring `Cargo-toml` is unsupported by cargo; specify `cargo` for embedding a manifest
