[ERROR] cargo does not support frontmatter infostring attributes like `clippy` at this time
