[ERROR] unsupported frontmatter infostring `Cargo-toml`; specify `cargo` for embedding a manifest
 --> script:1:5
  |
1 | --- Cargo-toml
  |     ^^^^^^^^^^
2 | ---
  |
