[ERROR] only one frontmatter is supported
 --> script:4:1
  |
1 | ---
2 | ---
3 |
4 | ---
  | ^^^
