[ERROR] unclosed frontmatter; expected `----`
  --> script:15:3
   |
 1 | ----cargo
...
15 | }
   |  ^
