[ERROR] unclosed frontmatter; expected `----`
  --> script:9:14
   |
 1 | ----cargo
...
 9 | fn main() {}
   |             ^
